Description:
  Test description

Usage:
  testhost <arg-just-name> <arg-name-and-description> [<arg-name-and-default-value-string> [<arg-name-and-default-value-enum> [<arg-name-and-description-and-default-value>]]] [options]

Arguments:
  <arg-just-name>
  <arg-name-and-description>                    description1
  <arg-name-and-default-value-string>           [default: default2]
  <arg-name-and-default-value-enum>             Read|ReadWrite|Write [default: Read]
  <arg-name-and-description-and-default-value>  description4 [default: default4]

Options:
  -a, --alias-a <option-just-name>
  -b, --alias-b <option-name-and-description>                               description6
  -c, --alias-c <option-name-and-default-value-string>                      [default: default7]
  -d, --alias-d <option-name-and-default-value-enum>                        Read|ReadWrite|Write [default: Read]
  -e, --alias-e <option-name-and-description-and-default-value>             description9 [default: default9]
  -f, --alias-f                                                             option-and-
                                                                            multi-line
                                                                            description
  -r, --alias-r <option-just-name> (REQUIRED)
  -s, --alias-s <option-name-and-description> (REQUIRED)                    description6
  -t, --alias-t <option-name-and-default-value-string> (REQUIRED)           [default: default7]
  -u, --alias-u <option-name-and-default-value-enum> (REQUIRED)             Read|ReadWrite|Write [default: Read]
  -v, --alias-v <option-name-and-description-and-default-value> (REQUIRED)  description9 [default: default9]
  -w, --alias-w (REQUIRED)                                                  option-and-
                                                                            multi-line
                                                                            description



